

================================================================
== Vivado HLS Report for 'operator_mul_float'
================================================================
* Date:           Sat Oct 30 19:27:43 2021

* Version:        2019.2 (Build 2704478 on Wed Nov 06 22:10:23 MST 2019)
* Project:        DiagMatMul
* Solution:       solution1
* Product family: zynquplus
* Target device:  xczu28dr-ffvg1517-2-e


================================================================
== Performance Estimates
================================================================
+ Timing: 
    * Summary: 
    +--------+----------+----------+------------+
    |  Clock |  Target  | Estimated| Uncertainty|
    +--------+----------+----------+------------+
    |ap_clk  | 10.00 ns | 8.419 ns |   1.25 ns  |
    +--------+----------+----------+------------+

+ Latency: 
    * Summary: 
    +---------+---------+-----------+-----------+-----+-----+----------+
    |  Latency (cycles) |   Latency (absolute)  |  Interval | Pipeline |
    |   min   |   max   |    min    |    max    | min | max |   Type   |
    +---------+---------+-----------+-----------+-----+-----+----------+
    |        5|        5| 50.000 ns | 50.000 ns |    1|    1| function |
    +---------+---------+-----------+-----------+-----+-----+----------+

    + Detail: 
        * Instance: 
        N/A

        * Loop: 
        N/A



================================================================
== Utilization Estimates
================================================================
* Summary: 
+-----------------+---------+-------+--------+--------+-----+
|       Name      | BRAM_18K| DSP48E|   FF   |   LUT  | URAM|
+-----------------+---------+-------+--------+--------+-----+
|DSP              |        -|      -|       -|       -|    -|
|Expression       |        -|      -|       -|       -|    -|
|FIFO             |        -|      -|       -|       -|    -|
|Instance         |        -|     16|     966|     968|    -|
|Memory           |        -|      -|       -|       -|    -|
|Multiplexer      |        -|      -|       -|      18|    -|
|Register         |        -|      -|     321|       -|    -|
+-----------------+---------+-------+--------+--------+-----+
|Total            |        0|     16|    1287|     986|    0|
+-----------------+---------+-------+--------+--------+-----+
|Available        |     2160|   4272|  850560|  425280|   80|
+-----------------+---------+-------+--------+--------+-----+
|Utilization (%)  |        0|   ~0  |   ~0   |   ~0   |    0|
+-----------------+---------+-------+--------+--------+-----+

+ Detail: 
    * Instance: 
    +-------------------------+----------------------+---------+-------+-----+-----+-----+
    |         Instance        |        Module        | BRAM_18K| DSP48E|  FF | LUT | URAM|
    +-------------------------+----------------------+---------+-------+-----+-----+-----+
    |matmul_fadd_32ns_cud_U2  |matmul_fadd_32ns_cud  |        0|      2|  227|  214|    0|
    |matmul_fmul_32ns_dEe_U3  |matmul_fmul_32ns_dEe  |        0|      3|  128|  135|    0|
    |matmul_fmul_32ns_dEe_U4  |matmul_fmul_32ns_dEe  |        0|      3|  128|  135|    0|
    |matmul_fmul_32ns_dEe_U5  |matmul_fmul_32ns_dEe  |        0|      3|  128|  135|    0|
    |matmul_fmul_32ns_dEe_U6  |matmul_fmul_32ns_dEe  |        0|      3|  128|  135|    0|
    |matmul_fsub_32ns_bkb_U1  |matmul_fsub_32ns_bkb  |        0|      2|  227|  214|    0|
    +-------------------------+----------------------+---------+-------+-----+-----+-----+
    |Total                    |                      |        0|     16|  966|  968|    0|
    +-------------------------+----------------------+---------+-------+-----+-----+-----+

    * DSP48E: 
    N/A

    * Memory: 
    N/A

    * FIFO: 
    N/A

    * Expression: 
    N/A

    * Multiplexer: 
    +-------------+----+-----------+-----+-----------+
    |     Name    | LUT| Input Size| Bits| Total Bits|
    +-------------+----+-----------+-----+-----------+
    |ap_return_0  |   9|          2|   32|         64|
    |ap_return_1  |   9|          2|   32|         64|
    +-------------+----+-----------+-----+-----------+
    |Total        |  18|          4|   64|        128|
    +-------------+----+-----------+-----+-----------+

    * Register: 
    +-------------------------+----+----+-----+-----------+
    |           Name          | FF | LUT| Bits| Const Bits|
    +-------------------------+----+----+-----+-----------+
    |ap_ce_reg                |   1|   0|    1|          0|
    |ap_return_0_int_reg      |  32|   0|   32|          0|
    |ap_return_1_int_reg      |  32|   0|   32|          0|
    |p_x_M_imag_read_int_reg  |  32|   0|   32|          0|
    |p_x_M_real_read_int_reg  |  32|   0|   32|          0|
    |p_y_M_imag_read_int_reg  |  32|   0|   32|          0|
    |p_y_M_real_read_int_reg  |  32|   0|   32|          0|
    |tmp_2_i_reg_109          |  32|   0|   32|          0|
    |tmp_4_i_reg_114          |  32|   0|   32|          0|
    |tmp_5_i_reg_119          |  32|   0|   32|          0|
    |tmp_i_reg_104            |  32|   0|   32|          0|
    +-------------------------+----+----+-----+-----------+
    |Total                    | 321|   0|  321|          0|
    +-------------------------+----+----+-----+-----------+



================================================================
== Interface
================================================================
* Summary: 
+-----------------+-----+-----+------------+------------------+--------------+
|    RTL Ports    | Dir | Bits|  Protocol  |   Source Object  |    C Type    |
+-----------------+-----+-----+------------+------------------+--------------+
|ap_clk           |  in |    1| ap_ctrl_hs | operator*<float> | return value |
|ap_rst           |  in |    1| ap_ctrl_hs | operator*<float> | return value |
|ap_return_0      | out |   32| ap_ctrl_hs | operator*<float> | return value |
|ap_return_1      | out |   32| ap_ctrl_hs | operator*<float> | return value |
|ap_ce            |  in |    1| ap_ctrl_hs | operator*<float> | return value |
|p_x_M_real_read  |  in |   32|   ap_none  |  p_x_M_real_read |    scalar    |
|p_x_M_imag_read  |  in |   32|   ap_none  |  p_x_M_imag_read |    scalar    |
|p_y_M_real_read  |  in |   32|   ap_none  |  p_y_M_real_read |    scalar    |
|p_y_M_imag_read  |  in |   32|   ap_none  |  p_y_M_imag_read |    scalar    |
+-----------------+-----+-----+------------+------------------+--------------+

