

================================================================
== Vivado HLS Report for 'operator_add_assign_float'
================================================================
* Date:           Sat Oct 30 19:27:43 2021

* Version:        2019.2 (Build 2704478 on Wed Nov 06 22:10:23 MST 2019)
* Project:        DiagMatMul
* Solution:       solution1
* Product family: zynquplus
* Target device:  xczu28dr-ffvg1517-2-e


================================================================
== Performance Estimates
================================================================
+ Timing: 
    * Summary: 
    +--------+----------+----------+------------+
    |  Clock |  Target  | Estimated| Uncertainty|
    +--------+----------+----------+------------+
    |ap_clk  | 10.00 ns | 6.437 ns |   1.25 ns  |
    +--------+----------+----------+------------+

+ Latency: 
    * Summary: 
    +---------+---------+-----------+-----------+-----+-----+----------+
    |  Latency (cycles) |   Latency (absolute)  |  Interval | Pipeline |
    |   min   |   max   |    min    |    max    | min | max |   Type   |
    +---------+---------+-----------+-----------+-----+-----+----------+
    |        3|        3| 30.000 ns | 30.000 ns |    1|    1| function |
    +---------+---------+-----------+-----------+-----+-----+----------+

    + Detail: 
        * Instance: 
        N/A

        * Loop: 
        N/A



================================================================
== Utilization Estimates
================================================================
* Summary: 
+-----------------+---------+-------+--------+--------+-----+
|       Name      | BRAM_18K| DSP48E|   FF   |   LUT  | URAM|
+-----------------+---------+-------+--------+--------+-----+
|DSP              |        -|      -|       -|       -|    -|
|Expression       |        -|      -|       -|       -|    -|
|FIFO             |        -|      -|       -|       -|    -|
|Instance         |        -|      4|     454|     428|    -|
|Memory           |        -|      -|       -|       -|    -|
|Multiplexer      |        -|      -|       -|      18|    -|
|Register         |        -|      -|     193|       -|    -|
+-----------------+---------+-------+--------+--------+-----+
|Total            |        0|      4|     647|     446|    0|
+-----------------+---------+-------+--------+--------+-----+
|Available        |     2160|   4272|  850560|  425280|   80|
+-----------------+---------+-------+--------+--------+-----+
|Utilization (%)  |        0|   ~0  |   ~0   |   ~0   |    0|
+-----------------+---------+-------+--------+--------+-----+

+ Detail: 
    * Instance: 
    +--------------------------+----------------------+---------+-------+-----+-----+-----+
    |         Instance         |        Module        | BRAM_18K| DSP48E|  FF | LUT | URAM|
    +--------------------------+----------------------+---------+-------+-----+-----+-----+
    |matmul_fadd_32ns_cud_U14  |matmul_fadd_32ns_cud  |        0|      2|  227|  214|    0|
    |matmul_fadd_32ns_cud_U15  |matmul_fadd_32ns_cud  |        0|      2|  227|  214|    0|
    +--------------------------+----------------------+---------+-------+-----+-----+-----+
    |Total                     |                      |        0|      4|  454|  428|    0|
    +--------------------------+----------------------+---------+-------+-----+-----+-----+

    * DSP48E: 
    N/A

    * Memory: 
    N/A

    * FIFO: 
    N/A

    * Expression: 
    N/A

    * Multiplexer: 
    +-------------+----+-----------+-----+-----------+
    |     Name    | LUT| Input Size| Bits| Total Bits|
    +-------------+----+-----------+-----+-----------+
    |ap_return_0  |   9|          2|   32|         64|
    |ap_return_1  |   9|          2|   32|         64|
    +-------------+----+-----------+-----+-----------+
    |Total        |  18|          4|   64|        128|
    +-------------+----+-----------+-----+-----------+

    * Register: 
    +-----------------------------------+----+----+-----+-----------+
    |                Name               | FF | LUT| Bits| Const Bits|
    +-----------------------------------+----+----+-----+-----------+
    |ap_ce_reg                          |   1|   0|    1|          0|
    |ap_return_0_int_reg                |  32|   0|   32|          0|
    |ap_return_1_int_reg                |  32|   0|   32|          0|
    |complex_float_M_imag_read_int_reg  |  32|   0|   32|          0|
    |complex_float_M_real_read_int_reg  |  32|   0|   32|          0|
    |p_z_M_imag_read_int_reg            |  32|   0|   32|          0|
    |p_z_M_real_read_int_reg            |  32|   0|   32|          0|
    +-----------------------------------+----+----+-----+-----------+
    |Total                              | 193|   0|  193|          0|
    +-----------------------------------+----+----+-----+-----------+



================================================================
== Interface
================================================================
* Summary: 
+---------------------------+-----+-----+------------+---------------------------+--------------+
|         RTL Ports         | Dir | Bits|  Protocol  |       Source Object       |    C Type    |
+---------------------------+-----+-----+------------+---------------------------+--------------+
|ap_clk                     |  in |    1| ap_ctrl_hs |     operator+=<float>     | return value |
|ap_rst                     |  in |    1| ap_ctrl_hs |     operator+=<float>     | return value |
|ap_return_0                | out |   32| ap_ctrl_hs |     operator+=<float>     | return value |
|ap_return_1                | out |   32| ap_ctrl_hs |     operator+=<float>     | return value |
|ap_ce                      |  in |    1| ap_ctrl_hs |     operator+=<float>     | return value |
|complex_float_M_real_read  |  in |   32|   ap_none  | complex_float_M_real_read |    scalar    |
|complex_float_M_imag_read  |  in |   32|   ap_none  | complex_float_M_imag_read |    scalar    |
|p_z_M_real_read            |  in |   32|   ap_none  |      p_z_M_real_read      |    scalar    |
|p_z_M_imag_read            |  in |   32|   ap_none  |      p_z_M_imag_read      |    scalar    |
+---------------------------+-----+-----+------------+---------------------------+--------------+

