

================================================================
== Vivado HLS Report for 'operator_add_assign_float'
================================================================
* Date:           Sat Oct 30 19:27:43 2021

* Version:        2019.2 (Build 2704478 on Wed Nov 06 22:10:23 MST 2019)
* Project:        DiagMatMul
* Solution:       solution1
* Product family: zynquplus
* Target device:  xczu28dr-ffvg1517-2-e


================================================================
== Performance Estimates
================================================================
+ Timing: 
    * Summary: 
    +--------+----------+----------+------------+
    |  Clock |  Target  | Estimated| Uncertainty|
    +--------+----------+----------+------------+
    |ap_clk  | 10.00 ns | 6.437 ns |   1.25 ns  |
    +--------+----------+----------+------------+

+ Latency: 
    * Summary: 
    +---------+---------+-----------+-----------+-----+-----+----------+
    |  Latency (cycles) |   Latency (absolute)  |  Interval | Pipeline |
    |   min   |   max   |    min    |    max    | min | max |   Type   |
    +---------+---------+-----------+-----------+-----+-----+----------+
    |        3|        3| 30.000 ns | 30.000 ns |    1|    1| function |
    +---------+---------+-----------+-----------+-----+-----+----------+

    + Detail: 
        * Instance: 
        N/A

        * Loop: 
        N/A



================================================================
== Utilization Estimates
================================================================
* Summary: 
+-----------------+---------+-------+--------+--------+-----+
|       Name      | BRAM_18K| DSP48E|   FF   |   LUT  | URAM|
+-----------------+---------+-------+--------+--------+-----+
|DSP              |        -|      -|       -|       -|    -|
|Expression       |        -|      -|       -|       -|    -|
|FIFO             |        -|      -|       -|       -|    -|
|Instance         |        -|      4|     454|     428|    -|
|Memory           |        -|      -|       -|       -|    -|
|Multiplexer      |        -|      -|       -|      18|    -|
|Register         |        -|      -|     193|       -|    -|
+-----------------+---------+-------+--------+--------+-----+
|Total            |        0|      4|     647|     446|    0|
+-----------------+---------+-------+--------+--------+-----+
|Available        |     2160|   4272|  850560|  425280|   80|
+-----------------+---------+-------+--------+--------+-----+
|Utilization (%)  |        0|   ~0  |   ~0   |   ~0   |    0|
+-----------------+---------+-------+--------+--------+-----+

+ Detail: 
    * Instance: 
    +--------------------------+----------------------+---------+-------+-----+-----+-----+
    |         Instance         |        Module        | BRAM_18K| DSP48E|  FF | LUT | URAM|
    +--------------------------+----------------------+---------+-------+-----+-----+-----+
    |matmul_fadd_32ns_cud_U14  |matmul_fadd_32ns_cud  |        0|      2|  227|  214|    0|
    |matmul_fadd_32ns_cud_U15  |matmul_fadd_32ns_cud  |        0|      2|  227|  214|    0|
    +--------------------------+----------------------+---------+-------+-----+-----+-----+
    |Total                     |                      |        0|      4|  454|  428|    0|
    +--------------------------+----------------------+---------+-------+-----+-----+-----+

    * DSP48E: 
    N/A

    * Memory: 
    N/A

    * FIFO: 
    N/A

    * Expression: 
    N/A

    * Multiplexer: 
    +-------------+----+-----------+-----+-----------+
    |     Name    | LUT| Input Size| Bits| Total Bits|
    +-------------+----+-----------+-----+-----------+
    |ap_return_0  |   9|          2|   32|         64|
    |ap_return_1  |   9|          2|   32|         64|
    +-------------+----+-----------+-----+-----------+
    |Total        |  18|          4|   64|        128|
    +-------------+----+-----------+-----+-----------+

    * Register: 
    +-----------------------------------+----+----+-----+-----------+
    |                Name               | FF | LUT| Bits| Const Bits|
    +-----------------------------------+----+----+-----+-----------+
    |ap_ce_reg                          |   1|   0|    1|          0|
    |ap_return_0_int_reg                |  32|   0|   32|          0|
    |ap_return_1_int_reg                |  32|   0|   32|          0|
    |complex_float_M_imag_read_int_reg  |  32|   0|   32|          0|
    |complex_float_M_real_read_int_reg  |  32|   0|   32|          0|
    |p_z_M_imag_read_int_reg            |  32|   0|   32|          0|
    |p_z_M_real_read_int_reg            |  32|   0|   32|          0|
    +-----------------------------------+----+----+-----+-----------+
    |Total                              | 193|   0|  193|          0|
    +-----------------------------------+----+----+-----+-----------+



================================================================
== Interface
================================================================
* Summary: 
+---------------------------+-----+-----+------------+---------------------------+--------------+
|         RTL Ports         | Dir | Bits|  Protocol  |       Source Object       |    C Type    |
+---------------------------+-----+-----+------------+---------------------------+--------------+
|ap_clk                     |  in |    1| ap_ctrl_hs |     operator+=<float>     | return value |
|ap_rst                     |  in |    1| ap_ctrl_hs |     operator+=<float>     | return value |
|ap_return_0                | out |   32| ap_ctrl_hs |     operator+=<float>     | return value |
|ap_return_1                | out |   32| ap_ctrl_hs |     operator+=<float>     | return value |
|ap_ce                      |  in |    1| ap_ctrl_hs |     operator+=<float>     | return value |
|complex_float_M_real_read  |  in |   32|   ap_none  | complex_float_M_real_read |    scalar    |
|complex_float_M_imag_read  |  in |   32|   ap_none  | complex_float_M_imag_read |    scalar    |
|p_z_M_real_read            |  in |   32|   ap_none  |      p_z_M_real_read      |    scalar    |
|p_z_M_imag_read            |  in |   32|   ap_none  |      p_z_M_imag_read      |    scalar    |
+---------------------------+-----+-----+------------+---------------------------+--------------+

============================================================
+ Verbose Summary: Synthesis Manager
============================================================
InlineROM: 1
ExposeGlobal: 0
============================================================
+ Verbose Summary: CDFG Model
============================================================
IsTopModel: 0
ResetActiveHigh: 1
IsCombinational: 2
IsDatapathOnly: 1
HasWiredReturn: 1
HasMFsm: 2
HasVarLatency: 0
IsPipeline: 1
IsRtlPipelined: 1
IsInstanceOverlapped: 0
IsDontTouch: 0
HasImplIP: 0
IsGatedGlobalClock: 0

+ Individual pipeline summary: 
  * Pipeline-0: initiation interval (II) = 1, depth = 4


============================================================
+ Verbose Summary: Schedule
============================================================
* Number of FSM states : 4
* Pipeline : 1
  Pipeline-0 : II = 1, D = 4, States = { 1 2 3 4 }
* Dataflow Pipeline: 0

* FSM state transitions: 
1 --> 2 
2 --> 3 
3 --> 4 
4 --> 

* FSM state operations: 

State 1 <SV = 0> <Delay = 6.43>
ST_1 : Operation 5 [1/1] (0.00ns)   --->   "%p_z_M_imag_read_1 = call float @_ssdm_op_Read.ap_auto.float(float %p_z_M_imag_read)"   --->   Operation 5 'read' 'p_z_M_imag_read_1' <Predicate = true> <Delay = 0.00>
ST_1 : Operation 6 [1/1] (0.00ns)   --->   "%p_z_M_real_read_1 = call float @_ssdm_op_Read.ap_auto.float(float %p_z_M_real_read)"   --->   Operation 6 'read' 'p_z_M_real_read_1' <Predicate = true> <Delay = 0.00>
ST_1 : Operation 7 [1/1] (0.00ns)   --->   "%complex_M_imag_read = call float @_ssdm_op_Read.ap_auto.float(float %complex_float_M_imag_read)"   --->   Operation 7 'read' 'complex_M_imag_read' <Predicate = true> <Delay = 0.00>
ST_1 : Operation 8 [1/1] (0.00ns)   --->   "%complex_M_real_read = call float @_ssdm_op_Read.ap_auto.float(float %complex_float_M_real_read)"   --->   Operation 8 'read' 'complex_M_real_read' <Predicate = true> <Delay = 0.00>
ST_1 : Operation 9 [4/4] (6.43ns)   --->   "%complex_M_real_writ = fadd float %complex_M_real_read, %p_z_M_real_read_1"   --->   Operation 9 'fadd' 'complex_M_real_writ' <Predicate = true> <Delay = 6.43> <Core = "FAddSub">   --->   Core 105 'FAddSub' <Latency = 3> <II = 1> <Delay = 6.43> <FuncUnit> <Opcode : 'fadd' 'fsub'> <InPorts = 2> <OutPorts = 1>
ST_1 : Operation 10 [4/4] (6.43ns)   --->   "%complex_M_imag_writ = fadd float %complex_M_imag_read, %p_z_M_imag_read_1"   --->   Operation 10 'fadd' 'complex_M_imag_writ' <Predicate = true> <Delay = 6.43> <Core = "FAddSub">   --->   Core 105 'FAddSub' <Latency = 3> <II = 1> <Delay = 6.43> <FuncUnit> <Opcode : 'fadd' 'fsub'> <InPorts = 2> <OutPorts = 1>

State 2 <SV = 1> <Delay = 6.43>
ST_2 : Operation 11 [3/4] (6.43ns)   --->   "%complex_M_real_writ = fadd float %complex_M_real_read, %p_z_M_real_read_1"   --->   Operation 11 'fadd' 'complex_M_real_writ' <Predicate = true> <Delay = 6.43> <Core = "FAddSub">   --->   Core 105 'FAddSub' <Latency = 3> <II = 1> <Delay = 6.43> <FuncUnit> <Opcode : 'fadd' 'fsub'> <InPorts = 2> <OutPorts = 1>
ST_2 : Operation 12 [3/4] (6.43ns)   --->   "%complex_M_imag_writ = fadd float %complex_M_imag_read, %p_z_M_imag_read_1"   --->   Operation 12 'fadd' 'complex_M_imag_writ' <Predicate = true> <Delay = 6.43> <Core = "FAddSub">   --->   Core 105 'FAddSub' <Latency = 3> <II = 1> <Delay = 6.43> <FuncUnit> <Opcode : 'fadd' 'fsub'> <InPorts = 2> <OutPorts = 1>

State 3 <SV = 2> <Delay = 6.43>
ST_3 : Operation 13 [2/4] (6.43ns)   --->   "%complex_M_real_writ = fadd float %complex_M_real_read, %p_z_M_real_read_1"   --->   Operation 13 'fadd' 'complex_M_real_writ' <Predicate = true> <Delay = 6.43> <Core = "FAddSub">   --->   Core 105 'FAddSub' <Latency = 3> <II = 1> <Delay = 6.43> <FuncUnit> <Opcode : 'fadd' 'fsub'> <InPorts = 2> <OutPorts = 1>
ST_3 : Operation 14 [2/4] (6.43ns)   --->   "%complex_M_imag_writ = fadd float %complex_M_imag_read, %p_z_M_imag_read_1"   --->   Operation 14 'fadd' 'complex_M_imag_writ' <Predicate = true> <Delay = 6.43> <Core = "FAddSub">   --->   Core 105 'FAddSub' <Latency = 3> <II = 1> <Delay = 6.43> <FuncUnit> <Opcode : 'fadd' 'fsub'> <InPorts = 2> <OutPorts = 1>

State 4 <SV = 3> <Delay = 6.43>
ST_4 : Operation 15 [1/4] (6.43ns)   --->   "%complex_M_real_writ = fadd float %complex_M_real_read, %p_z_M_real_read_1"   --->   Operation 15 'fadd' 'complex_M_real_writ' <Predicate = true> <Delay = 6.43> <Core = "FAddSub">   --->   Core 105 'FAddSub' <Latency = 3> <II = 1> <Delay = 6.43> <FuncUnit> <Opcode : 'fadd' 'fsub'> <InPorts = 2> <OutPorts = 1>
ST_4 : Operation 16 [1/4] (6.43ns)   --->   "%complex_M_imag_writ = fadd float %complex_M_imag_read, %p_z_M_imag_read_1"   --->   Operation 16 'fadd' 'complex_M_imag_writ' <Predicate = true> <Delay = 6.43> <Core = "FAddSub">   --->   Core 105 'FAddSub' <Latency = 3> <II = 1> <Delay = 6.43> <FuncUnit> <Opcode : 'fadd' 'fsub'> <InPorts = 2> <OutPorts = 1>
ST_4 : Operation 17 [1/1] (0.00ns)   --->   "%mrv = insertvalue { float, float } undef, float %complex_M_real_writ, 0"   --->   Operation 17 'insertvalue' 'mrv' <Predicate = true> <Delay = 0.00>
ST_4 : Operation 18 [1/1] (0.00ns)   --->   "%mrv_1 = insertvalue { float, float } %mrv, float %complex_M_imag_writ, 1"   --->   Operation 18 'insertvalue' 'mrv_1' <Predicate = true> <Delay = 0.00>
ST_4 : Operation 19 [1/1] (0.00ns)   --->   "ret { float, float } %mrv_1"   --->   Operation 19 'ret' <Predicate = true> <Delay = 0.00>


============================================================
+ Verbose Summary: Binding
============================================================
STG Binding: 
---------------- STG Properties BEGIN ----------------
- Is combinational: 0
- Is one-state seq: 0
- Is datapath-only: 1
- Is pipelined: 1
- Is top level: 0
Port [ Return ] is wired: 1; IO mode=ap_ctrl_hs:ce=0
Port [ complex_float_M_real_read]:  wired=1; compound=0; hidden=0; nouse=0; global=0; static=0; extern=0; dir=0; type=0; pingpong=0; private_global=0; IO mode=ap_none:ce=0
Port [ complex_float_M_imag_read]:  wired=1; compound=0; hidden=0; nouse=0; global=0; static=0; extern=0; dir=0; type=0; pingpong=0; private_global=0; IO mode=ap_none:ce=0
Port [ p_z_M_real_read]:  wired=1; compound=0; hidden=0; nouse=0; global=0; static=0; extern=0; dir=0; type=0; pingpong=0; private_global=0; IO mode=ap_none:ce=0
Port [ p_z_M_imag_read]:  wired=1; compound=0; hidden=0; nouse=0; global=0; static=0; extern=0; dir=0; type=0; pingpong=0; private_global=0; IO mode=ap_none:ce=0
---------------- STG Properties END ------------------

---------------- Datapath Model BEGIN ----------------

<LifeTime>
<method=bitvector/>
p_z_M_imag_read_1   (read       ) [ 01111]
p_z_M_real_read_1   (read       ) [ 01111]
complex_M_imag_read (read       ) [ 01111]
complex_M_real_read (read       ) [ 01111]
complex_M_real_writ (fadd       ) [ 00000]
complex_M_imag_writ (fadd       ) [ 00000]
mrv                 (insertvalue) [ 00000]
mrv_1               (insertvalue) [ 00000]
ret_ln1145          (ret        ) [ 00000]
</LifeTime>

<model>

<comp_list>
<comp id="0" class="1000" name="complex_float_M_real_read">
<pin_list>
<pin id="1" dir="1" index="0" bw="1" slack="0"/>
</pin_list>
<bind>
<StgValue><ssdm name="complex_float_M_real_read"/></StgValue>
</bind>
</comp>

<comp id="2" class="1000" name="complex_float_M_imag_read">
<pin_list>
<pin id="3" dir="1" index="0" bw="1" slack="0"/>
</pin_list>
<bind>
<StgValue><ssdm name="complex_float_M_imag_read"/></StgValue>
</bind>
</comp>

<comp id="4" class="1000" name="p_z_M_real_read">
<pin_list>
<pin id="5" dir="1" index="0" bw="1" slack="0"/>
</pin_list>
<bind>
<StgValue><ssdm name="p_z_M_real_read"/></StgValue>
</bind>
</comp>

<comp id="6" class="1000" name="p_z_M_imag_read">
<pin_list>
<pin id="7" dir="1" index="0" bw="1" slack="0"/>
</pin_list>
<bind>
<StgValue><ssdm name="p_z_M_imag_read"/></StgValue>
</bind>
</comp>

<comp id="8" class="1001" name="const_8">
<pin_list>
<pin id="9" dir="1" index="0" bw="1" slack="0"/>
</pin_list>
<bind>
<StgValue><ssdm name="_ssdm_op_Read.ap_auto.float"/></StgValue>
</bind>
</comp>

<comp id="10" class="1001" name="const_10">
<pin_list>
<pin id="11" dir="1" index="0" bw="1" slack="0"/>
</pin_list>
<bind>
<StgValue><ssdm name=""/></StgValue>
</bind>
</comp>

<comp id="12" class="1004" name="p_z_M_imag_read_1_read_fu_12">
<pin_list>
<pin id="13" dir="0" index="0" bw="32" slack="0"/>
<pin id="14" dir="0" index="1" bw="32" slack="0"/>
<pin id="15" dir="1" index="2" bw="32" slack="0"/>
</pin_list>
<bind>
<opcode="read(1150) " fcode="read"/>
<opset="p_z_M_imag_read_1/1 "/>
</bind>
</comp>

<comp id="18" class="1004" name="p_z_M_real_read_1_read_fu_18">
<pin_list>
<pin id="19" dir="0" index="0" bw="32" slack="0"/>
<pin id="20" dir="0" index="1" bw="32" slack="0"/>
<pin id="21" dir="1" index="2" bw="32" slack="0"/>
</pin_list>
<bind>
<opcode="read(1150) " fcode="read"/>
<opset="p_z_M_real_read_1/1 "/>
</bind>
</comp>

<comp id="24" class="1004" name="complex_M_imag_read_read_fu_24">
<pin_list>
<pin id="25" dir="0" index="0" bw="32" slack="0"/>
<pin id="26" dir="0" index="1" bw="32" slack="0"/>
<pin id="27" dir="1" index="2" bw="32" slack="0"/>
</pin_list>
<bind>
<opcode="read(1150) " fcode="read"/>
<opset="complex_M_imag_read/1 "/>
</bind>
</comp>

<comp id="30" class="1004" name="complex_M_real_read_read_fu_30">
<pin_list>
<pin id="31" dir="0" index="0" bw="32" slack="0"/>
<pin id="32" dir="0" index="1" bw="32" slack="0"/>
<pin id="33" dir="1" index="2" bw="32" slack="0"/>
</pin_list>
<bind>
<opcode="read(1150) " fcode="read"/>
<opset="complex_M_real_read/1 "/>
</bind>
</comp>

<comp id="36" class="1004" name="grp_fu_36">
<pin_list>
<pin id="37" dir="0" index="0" bw="32" slack="0"/>
<pin id="38" dir="0" index="1" bw="32" slack="0"/>
<pin id="39" dir="1" index="2" bw="32" slack="0"/>
</pin_list>
<bind>
<opcode="fadd(9) " fcode="fadd"/>
<opset="complex_M_real_writ/1 "/>
</bind>
</comp>

<comp id="42" class="1004" name="grp_fu_42">
<pin_list>
<pin id="43" dir="0" index="0" bw="32" slack="0"/>
<pin id="44" dir="0" index="1" bw="32" slack="0"/>
<pin id="45" dir="1" index="2" bw="32" slack="0"/>
</pin_list>
<bind>
<opcode="fadd(9) " fcode="fadd"/>
<opset="complex_M_imag_writ/1 "/>
</bind>
</comp>

<comp id="48" class="1004" name="mrv_fu_48">
<pin_list>
<pin id="49" dir="0" index="0" bw="64" slack="0"/>
<pin id="50" dir="0" index="1" bw="32" slack="0"/>
<pin id="51" dir="1" index="2" bw="64" slack="0"/>
</pin_list>
<bind>
<opcode="insertvalue(57) " fcode="insertvalue"/>
<opset="mrv/4 "/>
</bind>
</comp>

<comp id="54" class="1004" name="mrv_1_fu_54">
<pin_list>
<pin id="55" dir="0" index="0" bw="64" slack="0"/>
<pin id="56" dir="0" index="1" bw="32" slack="0"/>
<pin id="57" dir="1" index="2" bw="64" slack="2147483647"/>
</pin_list>
<bind>
<opcode="insertvalue(57) " fcode="insertvalue"/>
<opset="mrv_1/4 "/>
</bind>
</comp>

<comp id="60" class="1005" name="p_z_M_imag_read_1_reg_60">
<pin_list>
<pin id="61" dir="0" index="0" bw="32" slack="1"/>
<pin id="62" dir="1" index="1" bw="32" slack="1"/>
</pin_list>
<bind>
<opset="p_z_M_imag_read_1 "/>
</bind>
</comp>

<comp id="65" class="1005" name="p_z_M_real_read_1_reg_65">
<pin_list>
<pin id="66" dir="0" index="0" bw="32" slack="1"/>
<pin id="67" dir="1" index="1" bw="32" slack="1"/>
</pin_list>
<bind>
<opset="p_z_M_real_read_1 "/>
</bind>
</comp>

<comp id="70" class="1005" name="complex_M_imag_read_reg_70">
<pin_list>
<pin id="71" dir="0" index="0" bw="32" slack="1"/>
<pin id="72" dir="1" index="1" bw="32" slack="1"/>
</pin_list>
<bind>
<opset="complex_M_imag_read "/>
</bind>
</comp>

<comp id="75" class="1005" name="complex_M_real_read_reg_75">
<pin_list>
<pin id="76" dir="0" index="0" bw="32" slack="1"/>
<pin id="77" dir="1" index="1" bw="32" slack="1"/>
</pin_list>
<bind>
<opset="complex_M_real_read "/>
</bind>
</comp>

</comp_list>

<net_list>
<net id="16"><net_src comp="8" pin="0"/><net_sink comp="12" pin=0"/></net>

<net id="17"><net_src comp="6" pin="0"/><net_sink comp="12" pin=1"/></net>

<net id="22"><net_src comp="8" pin="0"/><net_sink comp="18" pin=0"/></net>

<net id="23"><net_src comp="4" pin="0"/><net_sink comp="18" pin=1"/></net>

<net id="28"><net_src comp="8" pin="0"/><net_sink comp="24" pin=0"/></net>

<net id="29"><net_src comp="2" pin="0"/><net_sink comp="24" pin=1"/></net>

<net id="34"><net_src comp="8" pin="0"/><net_sink comp="30" pin=0"/></net>

<net id="35"><net_src comp="0" pin="0"/><net_sink comp="30" pin=1"/></net>

<net id="40"><net_src comp="30" pin="2"/><net_sink comp="36" pin=0"/></net>

<net id="41"><net_src comp="18" pin="2"/><net_sink comp="36" pin=1"/></net>

<net id="46"><net_src comp="24" pin="2"/><net_sink comp="42" pin=0"/></net>

<net id="47"><net_src comp="12" pin="2"/><net_sink comp="42" pin=1"/></net>

<net id="52"><net_src comp="10" pin="0"/><net_sink comp="48" pin=0"/></net>

<net id="53"><net_src comp="36" pin="2"/><net_sink comp="48" pin=1"/></net>

<net id="58"><net_src comp="48" pin="2"/><net_sink comp="54" pin=0"/></net>

<net id="59"><net_src comp="42" pin="2"/><net_sink comp="54" pin=1"/></net>

<net id="63"><net_src comp="12" pin="2"/><net_sink comp="60" pin=0"/></net>

<net id="64"><net_src comp="60" pin="1"/><net_sink comp="42" pin=1"/></net>

<net id="68"><net_src comp="18" pin="2"/><net_sink comp="65" pin=0"/></net>

<net id="69"><net_src comp="65" pin="1"/><net_sink comp="36" pin=1"/></net>

<net id="73"><net_src comp="24" pin="2"/><net_sink comp="70" pin=0"/></net>

<net id="74"><net_src comp="70" pin="1"/><net_sink comp="42" pin=0"/></net>

<net id="78"><net_src comp="30" pin="2"/><net_sink comp="75" pin=0"/></net>

<net id="79"><net_src comp="75" pin="1"/><net_sink comp="36" pin=0"/></net>

</net_list>

</model> 
---------------- Datapath Model END ------------------

* FSMD analyzer results:
  - Output states:
	Port: complex_float_M_real_read | {}
	Port: complex_float_M_imag_read | {}
	Port: p_z_M_real_read | {}
	Port: p_z_M_imag_read | {}
 - Input state : 
	Port: operator+=<float> : complex_float_M_real_read | {1 }
	Port: operator+=<float> : complex_float_M_imag_read | {1 }
	Port: operator+=<float> : p_z_M_real_read | {1 }
	Port: operator+=<float> : p_z_M_imag_read | {1 }
  - Chain level:
	State 1
	State 2
	State 3
	State 4
		mrv : 1
		mrv_1 : 2
		ret_ln1145 : 3


============================================================
+ Verbose Summary: Datapath Resource usage 
============================================================

* Functional unit list:
|----------|--------------------------------|---------|---------|---------|
| Operation|         Functional Unit        |  DSP48E |    FF   |   LUT   |
|----------|--------------------------------|---------|---------|---------|
|   fadd   |            grp_fu_36           |    2    |   227   |   214   |
|          |            grp_fu_42           |    2    |   227   |   214   |
|----------|--------------------------------|---------|---------|---------|
|          |  p_z_M_imag_read_1_read_fu_12  |    0    |    0    |    0    |
|   read   |  p_z_M_real_read_1_read_fu_18  |    0    |    0    |    0    |
|          | complex_M_imag_read_read_fu_24 |    0    |    0    |    0    |
|          | complex_M_real_read_read_fu_30 |    0    |    0    |    0    |
|----------|--------------------------------|---------|---------|---------|
|insertvalue|            mrv_fu_48           |    0    |    0    |    0    |
|          |           mrv_1_fu_54          |    0    |    0    |    0    |
|----------|--------------------------------|---------|---------|---------|
|   Total  |                                |    4    |   454   |   428   |
|----------|--------------------------------|---------|---------|---------|

Memories:
N/A

* Register list:
+--------------------------+--------+
|                          |   FF   |
+--------------------------+--------+
|complex_M_imag_read_reg_70|   32   |
|complex_M_real_read_reg_75|   32   |
| p_z_M_imag_read_1_reg_60 |   32   |
| p_z_M_real_read_1_reg_65 |   32   |
+--------------------------+--------+
|           Total          |   128  |
+--------------------------+--------+

* Multiplexer (MUX) list: 
|-----------|------|------|------|--------||---------||---------|
|    Comp   |  Pin | Size |  BW  | S x BW ||  Delay  ||   LUT   |
|-----------|------|------|------|--------||---------||---------|
| grp_fu_36 |  p0  |   2  |  32  |   64   ||    9    |
| grp_fu_36 |  p1  |   2  |  32  |   64   ||    9    |
| grp_fu_42 |  p0  |   2  |  32  |   64   ||    9    |
| grp_fu_42 |  p1  |   2  |  32  |   64   ||    9    |
|-----------|------|------|------|--------||---------||---------|
|   Total   |      |      |      |   256  ||  2.624  ||    36   |
|-----------|------|------|------|--------||---------||---------|



* Summary:
+-----------+--------+--------+--------+--------+
|           | DSP48E |  Delay |   FF   |   LUT  |
+-----------+--------+--------+--------+--------+
|  Function |    4   |    -   |   454  |   428  |
|   Memory  |    -   |    -   |    -   |    -   |
|Multiplexer|    -   |    2   |    -   |   36   |
|  Register |    -   |    -   |   128  |    -   |
+-----------+--------+--------+--------+--------+
|   Total   |    4   |    2   |   582  |   464  |
+-----------+--------+--------+--------+--------+
